{
    "$schema": "http://json-schema.org/draft-07/schema#",
    "title": "Complex_for_type_int32",
    "type": "array",
    "items": [
      {
        "type": "integer",
        "format": "int32"
      },
      {
        "type": "integer",
        "format": "int32"
      }
    ],
    "maxItems": 2,
    "minItems": 2
  }