{
    "$schema": "http://json-schema.org/draft-07/schema#",
    "title": "Complex_for_type_double",
    "type": "array",
    "items": [
      {
        "type": "number",
        "format": "double"
      },
      {
        "type": "number",
        "format": "double"
      }
    ],
    "maxItems": 2,
    "minItems": 2
  }